
===========================================================================
 report_power
============================================================================
======================= max_ss_100C_1v60 Corner ===================================

Group                    Internal    Switching      Leakage        Total
                            Power        Power        Power        Power (Watts)
------------------------------------------------------------------------
Sequential           2.456948e-02 4.637687e-05 3.741954e-04 2.499006e-02  95.4%
Combinational        2.118277e-04 1.650232e-04 3.916730e-04 7.685239e-04   2.9%
Clock                0.000000e+00 0.000000e+00 0.000000e+00 0.000000e+00   0.0%
Macro                4.446720e-04 0.000000e+00 1.331558e-06 4.460036e-04   1.7%
Pad                  0.000000e+00 0.000000e+00 0.000000e+00 0.000000e+00   0.0%
------------------------------------------------------------------------
Total                2.522594e-02 2.114004e-04 7.673477e-04 2.620469e-02 100.0%
                            96.3%         0.8%         2.9%

