
===========================================================================
 report_power
============================================================================
======================= min_ff_n40C_1v95 Corner ===================================

Group                    Internal    Switching      Leakage        Total
                            Power        Power        Power        Power (Watts)
------------------------------------------------------------------------
Sequential           3.894828e-02 2.340335e-05 4.520651e-07 3.897214e-02  98.5%
Combinational        4.981017e-05 9.829243e-05 7.218447e-07 1.488244e-04   0.4%
Clock                0.000000e+00 0.000000e+00 3.846566e-08 3.846566e-08   0.0%
Macro                4.446720e-04 0.000000e+00 1.331558e-06 4.460036e-04   1.1%
Pad                  0.000000e+00 0.000000e+00 0.000000e+00 0.000000e+00   0.0%
------------------------------------------------------------------------
Total                3.944278e-02 1.216957e-04 2.543883e-06 3.956702e-02 100.0%
                            99.7%         0.3%         0.0%

