
===========================================================================
 report_power
============================================================================
======================= nom_tt_025C_1v80 Corner ===================================

Group                    Internal    Switching      Leakage        Total
                            Power        Power        Power        Power (Watts)
------------------------------------------------------------------------
Sequential           9.667040e-02 3.998080e-05 2.341182e-07 9.671061e-02  99.4%
Combinational        5.026644e-05 1.078816e-04 3.008345e-07 1.584489e-04   0.2%
Clock                0.000000e+00 0.000000e+00 3.277658e-08 3.277658e-08   0.0%
Macro                4.446720e-04 0.000000e+00 1.331558e-06 4.460036e-04   0.5%
Pad                  0.000000e+00 0.000000e+00 0.000000e+00 0.000000e+00   0.0%
------------------------------------------------------------------------
Total                9.716529e-02 1.478625e-04 1.899169e-06 9.731506e-02 100.0%
                            99.8%         0.2%         0.0%
Writing metric power__internal__total: 0.0971652939915657
Writing metric power__switching__total: 0.00014786246174480766
Writing metric power__leakage__total: 1.8991689785252674e-6
Writing metric power__total: 0.09731505811214447

