
===========================================================================
 report_power
============================================================================
======================= min_tt_025C_1v80 Corner ===================================

Group                    Internal    Switching      Leakage        Total
                            Power        Power        Power        Power (Watts)
------------------------------------------------------------------------
Sequential           3.322156e-02 5.950898e-05 2.336351e-07 3.328130e-02  97.3%
Combinational        2.753423e-04 2.145106e-04 3.111548e-07 4.901641e-04   1.4%
Clock                0.000000e+00 0.000000e+00 0.000000e+00 0.000000e+00   0.0%
Macro                4.446720e-04 0.000000e+00 1.331558e-06 4.460036e-04   1.3%
Pad                  0.000000e+00 0.000000e+00 0.000000e+00 0.000000e+00   0.0%
------------------------------------------------------------------------
Total                3.394160e-02 2.740195e-04 1.876302e-06 3.421750e-02 100.0%
                            99.2%         0.8%         0.0%

