┏━━━━━━━━━━━━━━━━━━━━━━┳━━━━━━━━━━┳━━━━━━━━━━┳━━━━━━━━━━┳━━━━━━━━━━┳━━━━━━━━━━━┳━━━━━━━━━━┳━━━━━━━━━━━┳━━━━━━━━━━┳━━━━━━━━━━━┳━━━━━━━━━━┳━━━━━━━━━━━┳━━━━━━━━━━┓
┃                      ┃ Hold     ┃ Reg to   ┃          ┃          ┃ of which  ┃ Setup    ┃           ┃          ┃           ┃ of which ┃           ┃          ┃
┃                      ┃ Worst    ┃ Reg      ┃          ┃ Hold Vio ┃ reg to    ┃ Worst    ┃ Reg to    ┃ Setup    ┃ Setup Vio ┃ reg to   ┃ Max Cap   ┃ Max Slew ┃
┃ Corner/Group         ┃ Slack    ┃ Paths    ┃ Hold TNS ┃ Count    ┃ reg       ┃ Slack    ┃ Reg Paths ┃ TNS      ┃ Count     ┃ reg      ┃ Violatio… ┃ Violati… ┃
┡━━━━━━━━━━━━━━━━━━━━━━╇━━━━━━━━━━╇━━━━━━━━━━╇━━━━━━━━━━╇━━━━━━━━━━╇━━━━━━━━━━━╇━━━━━━━━━━╇━━━━━━━━━━━╇━━━━━━━━━━╇━━━━━━━━━━━╇━━━━━━━━━━╇━━━━━━━━━━━╇━━━━━━━━━━┩
│ Overall              │ -0.0245  │ -0.0245  │ -0.5040  │ 732      │ 732       │ -485.26… │ -34.1246  │ -604835… │ 159675    │ 10806    │ 366       │ 69317    │
│ nom_tt_025C_1v80     │ 0.0972   │ 0.0972   │ 0.0000   │ 0        │ 0         │ -315.97… │ -9.3008   │ -368910… │ 17596     │ 1055     │ 250       │ 53602    │
│ nom_ss_100C_1v60     │ 0.4318   │ 0.4318   │ 0.0000   │ 0        │ 0         │ -485.26… │ -34.1246  │ -604835… │ 19088     │ 2547     │ 366       │ 69317    │
│ nom_ff_n40C_1v95     │ -0.0245  │ -0.0245  │ -0.5040  │ 244      │ 244       │ -200.32… │ 0.5567    │ -253191… │ 16541     │ 0        │ 195       │ 43787    │
│ min_tt_025C_1v80     │ 0.0972   │ 0.0972   │ 0.0000   │ 0        │ 0         │ -315.97… │ -9.3008   │ -368910… │ 17596     │ 1055     │ 250       │ 53602    │
│ min_ss_100C_1v60     │ 0.4318   │ 0.4318   │ 0.0000   │ 0        │ 0         │ -485.26… │ -34.1246  │ -604835… │ 19088     │ 2547     │ 366       │ 69317    │
│ min_ff_n40C_1v95     │ -0.0245  │ -0.0245  │ -0.5040  │ 244      │ 244       │ -200.32… │ 0.5567    │ -253191… │ 16541     │ 0        │ 195       │ 43787    │
│ max_tt_025C_1v80     │ 0.0972   │ 0.0972   │ 0.0000   │ 0        │ 0         │ -315.97… │ -9.3008   │ -368910… │ 17596     │ 1055     │ 250       │ 53602    │
│ max_ss_100C_1v60     │ 0.4318   │ 0.4318   │ 0.0000   │ 0        │ 0         │ -485.26… │ -34.1246  │ -604835… │ 19088     │ 2547     │ 366       │ 69317    │
│ max_ff_n40C_1v95     │ -0.0245  │ -0.0245  │ -0.5040  │ 244      │ 244       │ -200.32… │ 0.5567    │ -253191… │ 16541     │ 0        │ 195       │ 43787    │
└──────────────────────┴──────────┴──────────┴──────────┴──────────┴───────────┴──────────┴───────────┴──────────┴───────────┴──────────┴───────────┴──────────┘
