Clock: clk_in
Sources: clk_in 
Generated: no
Virtual: yes
Propagated: no
Period: 25.000000

===========================================================================
report_clock_properties
============================================================================
Clock                   Period          Waveform
----------------------------------------------------
clk_in               25.000000    0.000000 12.500000

===========================================================================
report_clock_latency
============================================================================
Clock clk_in
rise -> rise
    min     max
0.000000 0.000000 source latency
152.354507         network latency u_core.u_cf_sram_b2/CLKin
        191.968414 network latency _159855_/CLK
---------------
152.354507 191.968414 latency
        39.613911 skew

fall -> fall
    min     max
0.000000 0.000000 source latency
58.914364         network latency u_core.u_cf_sram_b2/CLKin
        99.333206 network latency _159855_/CLK
---------------
58.914364 99.333206 latency
        40.418846 skew



===========================================================================
report_clock_min_period
============================================================================
clk_in period_min = 189.22 fmax = 5.28
