
===========================================================================
 report_power
============================================================================
======================= nom_tt_025C_1v80 Corner ===================================

Group                    Internal    Switching      Leakage        Total
                            Power        Power        Power        Power (Watts)
------------------------------------------------------------------------
Sequential           2.111575e-01 9.046454e-05 2.336351e-07 2.112482e-01  99.5%
Combinational        2.901806e-04 2.649664e-04 3.111548e-07 5.554581e-04   0.3%
Clock                0.000000e+00 0.000000e+00 3.277658e-08 3.277658e-08   0.0%
Macro                4.446720e-04 0.000000e+00 1.331558e-06 4.460036e-04   0.2%
Pad                  0.000000e+00 0.000000e+00 0.000000e+00 0.000000e+00   0.0%
------------------------------------------------------------------------
Total                2.118926e-01 3.554307e-04 1.908504e-06 2.122499e-01 100.0%
                            99.8%         0.2%         0.0%
Writing metric power__internal__total: 0.21189257502555847
Writing metric power__switching__total: 0.00035543073317967355
Writing metric power__leakage__total: 1.9085036910837516e-6
Writing metric power__total: 0.21224991977214813

