Clock: clk_in
Sources: clk_in 
Generated: no
Virtual: yes
Propagated: no
Period: 25.000000

===========================================================================
report_clock_properties
============================================================================
Clock                   Period          Waveform
----------------------------------------------------
clk_in               25.000000    0.000000 12.500000

===========================================================================
report_clock_latency
============================================================================
Clock clk_in
rise -> rise
    min     max
0.000000 0.000000 source latency
151.548233         network latency u_core.u_cf_sram_b2/CLKin
        191.036575 network latency _157099_/CLK
---------------
151.548233 191.036575 latency
        39.488327 skew

fall -> fall
    min     max
0.000000 0.000000 source latency
58.414490         network latency u_core.u_cf_sram_b2/CLKin
        98.565056 network latency _157099_/CLK
---------------
58.414490 98.565056 latency
        40.150566 skew



===========================================================================
report_clock_min_period
============================================================================
clk_in period_min = 87.38 fmax = 11.44
