
===========================================================================
 report_power
============================================================================
======================= nom_ss_100C_1v60 Corner ===================================

Group                    Internal    Switching      Leakage        Total
                            Power        Power        Power        Power (Watts)
------------------------------------------------------------------------
Sequential           2.673248e-02 1.516023e-05 3.748241e-04 2.712246e-02  96.7%
Combinational        3.746105e-05 6.252951e-05 3.795006e-04 4.794911e-04   1.7%
Clock                0.000000e+00 0.000000e+00 0.000000e+00 0.000000e+00   0.0%
Macro                4.446720e-04 0.000000e+00 1.331558e-06 4.460036e-04   1.6%
Pad                  0.000000e+00 0.000000e+00 0.000000e+00 0.000000e+00   0.0%
------------------------------------------------------------------------
Total                2.721461e-02 7.768973e-05 7.558013e-04 2.804810e-02 100.0%
                            97.0%         0.3%         2.7%

