
===========================================================================
 report_power
============================================================================
======================= nom_ff_n40C_1v95 Corner ===================================

Group                    Internal    Switching      Leakage        Total
                            Power        Power        Power        Power (Watts)
------------------------------------------------------------------------
Sequential           4.060409e-02 7.118895e-05 4.510709e-07 4.067573e-02  97.5%
Combinational        3.244621e-04 2.553039e-04 7.188267e-07 5.804848e-04   1.4%
Clock                0.000000e+00 0.000000e+00 0.000000e+00 0.000000e+00   0.0%
Macro                4.446720e-04 0.000000e+00 1.331558e-06 4.460036e-04   1.1%
Pad                  0.000000e+00 0.000000e+00 0.000000e+00 0.000000e+00   0.0%
------------------------------------------------------------------------
Total                4.137348e-02 3.264922e-04 2.501316e-06 4.170247e-02 100.0%
                            99.2%         0.8%         0.0%

