┏━━━━━━━━━━━━━━━━━━━━━━┳━━━━━━━━━━┳━━━━━━━━━━┳━━━━━━━━━━┳━━━━━━━━━━┳━━━━━━━━━━┳━━━━━━━━━━━┳━━━━━━━━━━┳━━━━━━━━━━━┳━━━━━━━━━━┳━━━━━━━━━━━┳━━━━━━━━━━┳━━━━━━━━━━━┓
┃                      ┃ Hold     ┃ Reg to   ┃          ┃          ┃ of which ┃ Setup     ┃ Reg to   ┃           ┃ Setup    ┃ of which  ┃          ┃           ┃
┃                      ┃ Worst    ┃ Reg      ┃          ┃ Hold Vio ┃ reg to   ┃ Worst     ┃ Reg      ┃           ┃ Vio      ┃ reg to    ┃ Max Cap  ┃ Max Slew  ┃
┃ Corner/Group         ┃ Slack    ┃ Paths    ┃ Hold TNS ┃ Count    ┃ reg      ┃ Slack     ┃ Paths    ┃ Setup TNS ┃ Count    ┃ reg       ┃ Violati… ┃ Violatio… ┃
┡━━━━━━━━━━━━━━━━━━━━━━╇━━━━━━━━━━╇━━━━━━━━━━╇━━━━━━━━━━╇━━━━━━━━━━╇━━━━━━━━━━╇━━━━━━━━━━━╇━━━━━━━━━━╇━━━━━━━━━━━╇━━━━━━━━━━╇━━━━━━━━━━━╇━━━━━━━━━━╇━━━━━━━━━━━┩
│ Overall              │ 0.1917   │ 0.1917   │ 0.0000   │ 0        │ 0        │ -143.8433 │ -35.3049 │ -404189.… │ 39354    │ 17070     │ 345      │ 28291     │
│ nom_tt_025C_1v80     │ 0.3153   │ 0.3153   │ 0.0000   │ 0        │ 0        │ -82.5925  │ -8.7330  │ -212358.… │ 3532     │ 1056      │ 197      │ 21131     │
│ nom_ss_100C_1v60     │ 0.6485   │ 0.6485   │ 0.0000   │ 0        │ 0        │ -143.8433 │ -35.3049 │ -404189.… │ 7110     │ 4634      │ 345      │ 28291     │
│ nom_ff_n40C_1v95     │ 0.1917   │ 0.1917   │ 0.0000   │ 0        │ 0        │ -51.3971  │ 1.7157   │ -127049.… │ 2476     │ 0         │ 144      │ 16856     │
│ min_tt_025C_1v80     │ 0.3153   │ 0.3153   │ 0.0000   │ 0        │ 0        │ -82.5925  │ -8.7330  │ -212358.… │ 3532     │ 1056      │ 197      │ 21131     │
│ min_ss_100C_1v60     │ 0.6485   │ 0.6485   │ 0.0000   │ 0        │ 0        │ -143.8433 │ -35.3049 │ -404189.… │ 7110     │ 4634      │ 345      │ 28291     │
│ min_ff_n40C_1v95     │ 0.1917   │ 0.1917   │ 0.0000   │ 0        │ 0        │ -51.3971  │ 1.7157   │ -127049.… │ 2476     │ 0         │ 144      │ 16856     │
│ max_tt_025C_1v80     │ 0.3153   │ 0.3153   │ 0.0000   │ 0        │ 0        │ -82.5925  │ -8.7330  │ -212358.… │ 3532     │ 1056      │ 197      │ 21131     │
│ max_ss_100C_1v60     │ 0.6485   │ 0.6485   │ 0.0000   │ 0        │ 0        │ -143.8433 │ -35.3049 │ -404189.… │ 7110     │ 4634      │ 345      │ 28291     │
│ max_ff_n40C_1v95     │ 0.1917   │ 0.1917   │ 0.0000   │ 0        │ 0        │ -51.3971  │ 1.7157   │ -127049.… │ 2476     │ 0         │ 144      │ 16856     │
└──────────────────────┴──────────┴──────────┴──────────┴──────────┴──────────┴───────────┴──────────┴───────────┴──────────┴───────────┴──────────┴───────────┘
