
===========================================================================
 report_power
============================================================================
======================= nom_tt_025C_1v80 Corner ===================================

Group                    Internal    Switching      Leakage        Total
                            Power        Power        Power        Power (Watts)
------------------------------------------------------------------------
Sequential           3.355162e-02 1.950289e-05 2.341182e-07 3.357136e-02  98.3%
Combinational        4.577775e-05 8.312889e-05 3.008325e-07 1.292075e-04   0.4%
Clock                0.000000e+00 0.000000e+00 0.000000e+00 0.000000e+00   0.0%
Macro                4.446720e-04 0.000000e+00 1.331558e-06 4.460036e-04   1.3%
Pad                  0.000000e+00 0.000000e+00 0.000000e+00 0.000000e+00   0.0%
------------------------------------------------------------------------
Total                3.404202e-02 1.026318e-04 1.866429e-06 3.414652e-02 100.0%
                            99.7%         0.3%         0.0%

