
105. Executing CHECK pass (checking for obvious problems).
Checking module mspm33c321a_derivative_mcu_wrapper...
Checking module nc_wwdt...
Checking module nc_rtc...
Checking module nc_systick...
Checking module mspm33c321a_derivative_compute_ss...
Checking module nc_aes...
Checking module $paramod$a650afb66a54c3d98735fbb092743722a73a41c0\hazard3_onehot_priority...
Checking module $paramod$3a0c5a9642965dc4cd09fd916c64043820cc427e\hazard3_onehot_priority...
Checking module aes_sbox_rom_inv...
Checking module $paramod$df9b8092e8a6d304cb51c04edb82cb15c87eeb6a\hazard3_onehot_priority...
Checking module $paramod\hazard3_onehot_encode\W_REQ=s32'00000000000000000000000000100000...
Checking module $paramod$48a65bb4ebd26167dbe482f25b7e53849a270df2\hazard3_onehot_priority_dynamic...
Checking module $paramod\hazard3_onehot_encode\W_REQ=s32'00000000000000000000000000011001...
Checking module $paramod$0f1d2523a7d574c8d1d37b9856674c2df4050655\aes_sbox_opt...
Checking module aes_sbox_rom_fwd...
Checking module $paramod$411b6a7ad44be3067affca362821b44680d6fe87\hazard3_instr_decompress...
Checking module $paramod$411b6a7ad44be3067affca362821b44680d6fe87\hazard3_shift_barrel...
Checking module $paramod$df9b8092e8a6d304cb51c04edb82cb15c87eeb6a\hazard3_priority_encode...
Checking module $paramod$411b6a7ad44be3067affca362821b44680d6fe87\hazard3_irq_ctrl...
Checking module $paramod$e3d642ff5a74dc2952db431ef8bd0aa7d88a447c\nc_onehot_mux...
Checking module $paramod$50f5cc11379086192734b4956122d65993c418f7\nc_onehot_mux...
Checking module $paramod$1b56c4f0ccf3c7bcd9d0884fae118de70664a36f\nc_onehot_mux...
Checking module $paramod$e87c089b4eb0fa758bdb8b2adff5bddcaa3495b2\nc_onehot_mux...
Checking module $paramod$b7b08879917af97cebeffa8ada357b887f3adcf8\nc_onehot_mux...
Checking module $paramod$608395a45d06522d5e3cbf9c9495b458c940c817\nc_onehot_mux...
Checking module $paramod$dc385c2a4f9c9d50cd93529f9c6ed5b93fb90350\nc_onehot_mux...
Checking module $paramod\nc_onehot_priority\W_INPUT=s32'00000000000000000000000000000011...
Checking module $paramod\nc_qspi_rd\LINE_SIZE=s32'00000000000000000000000000100000...
Checking module nc_qspi_rst...
Checking module $paramod$4346194ad6866d490969face8a06ee13ef74d606\aes_encipher_block_opt...
Checking module $paramod$0f1d2523a7d574c8d1d37b9856674c2df4050655\aes_inv_sbox...
Checking module $paramod$c9228a4aa15ad571be182f5afb6af78a08292e95\aes_sbox_opt...
Checking module $paramod\opendap_sync_1bit\N_STAGES=s32'00000000000000000000000000000010...
Checking module $paramod$411b6a7ad44be3067affca362821b44680d6fe87\hazard3_frontend...
Checking module $paramod$411b6a7ad44be3067affca362821b44680d6fe87\hazard3_decode...
Checking module $paramod$411b6a7ad44be3067affca362821b44680d6fe87\hazard3_alu...
Checking module $paramod$62ddb0c80e9cd036daa1584ff6209e8ea7b2383b\hazard3_csr...
Checking module hazard3_power_ctrl...
Checking module $paramod$411b6a7ad44be3067affca362821b44680d6fe87\hazard3_regfile_1w2r...
Checking module $paramod$411b6a7ad44be3067affca362821b44680d6fe87\hazard3_muldiv_seq...
Checking module $paramod$411b6a7ad44be3067affca362821b44680d6fe87\hazard3_branchcmp...
Checking module $paramod$411b6a7ad44be3067affca362821b44680d6fe87\hazard3_triggers...
Checking module $paramod$643bef8b4973c9e2f588278e838b7a47154e7f5c\nc_ahbl_splitter...
Warning: Drivers conflicting with a constant 1'0 driver:
    port Q[1] of cell $auto$proc_dlatch.cc:432:proc_dlatch$68463 ($dlatch)
    port Q[3] of cell $auto$proc_dlatch.cc:432:proc_dlatch$68463 ($dlatch)
    port Q[4] of cell $auto$proc_dlatch.cc:432:proc_dlatch$68463 ($dlatch)
    port Q[5] of cell $auto$proc_dlatch.cc:432:proc_dlatch$68463 ($dlatch)
    port Q[6] of cell $auto$proc_dlatch.cc:432:proc_dlatch$68463 ($dlatch)
    port Q[7] of cell $auto$proc_dlatch.cc:432:proc_dlatch$68463 ($dlatch)
    port Q[8] of cell $auto$proc_dlatch.cc:432:proc_dlatch$68463 ($dlatch)
    port Q[9] of cell $auto$proc_dlatch.cc:432:proc_dlatch$68463 ($dlatch)
    port Q[10] of cell $auto$proc_dlatch.cc:432:proc_dlatch$68463 ($dlatch)
    port Q[11] of cell $auto$proc_dlatch.cc:432:proc_dlatch$68463 ($dlatch)
    port Q[12] of cell $auto$proc_dlatch.cc:432:proc_dlatch$68463 ($dlatch)
    port Q[13] of cell $auto$proc_dlatch.cc:432:proc_dlatch$68463 ($dlatch)
    port Q[14] of cell $auto$proc_dlatch.cc:432:proc_dlatch$68463 ($dlatch)
    port Q[15] of cell $auto$proc_dlatch.cc:432:proc_dlatch$68463 ($dlatch)
    port Q[16] of cell $auto$proc_dlatch.cc:432:proc_dlatch$68463 ($dlatch)
    port Q[17] of cell $auto$proc_dlatch.cc:432:proc_dlatch$68463 ($dlatch)
    port Q[18] of cell $auto$proc_dlatch.cc:432:proc_dlatch$68463 ($dlatch)
    port Q[19] of cell $auto$proc_dlatch.cc:432:proc_dlatch$68463 ($dlatch)
    port Q[20] of cell $auto$proc_dlatch.cc:432:proc_dlatch$68463 ($dlatch)
    port Q[21] of cell $auto$proc_dlatch.cc:432:proc_dlatch$68463 ($dlatch)
    port Q[22] of cell $auto$proc_dlatch.cc:432:proc_dlatch$68463 ($dlatch)
    port Q[23] of cell $auto$proc_dlatch.cc:432:proc_dlatch$68463 ($dlatch)
    port Q[24] of cell $auto$proc_dlatch.cc:432:proc_dlatch$68463 ($dlatch)
    port Q[25] of cell $auto$proc_dlatch.cc:432:proc_dlatch$68463 ($dlatch)
    port Q[26] of cell $auto$proc_dlatch.cc:432:proc_dlatch$68463 ($dlatch)
    port Q[27] of cell $auto$proc_dlatch.cc:432:proc_dlatch$68463 ($dlatch)
    port Q[28] of cell $auto$proc_dlatch.cc:432:proc_dlatch$68463 ($dlatch)
    port Q[29] of cell $auto$proc_dlatch.cc:432:proc_dlatch$68463 ($dlatch)
    port Q[30] of cell $auto$proc_dlatch.cc:432:proc_dlatch$68463 ($dlatch)
    port Q[31] of cell $auto$proc_dlatch.cc:432:proc_dlatch$68463 ($dlatch)
Warning: Drivers conflicting with a constant 1'1 driver:
    port Q[0] of cell $auto$proc_dlatch.cc:432:proc_dlatch$68463 ($dlatch)
    port Q[2] of cell $auto$proc_dlatch.cc:432:proc_dlatch$68463 ($dlatch)
Checking module $paramod$111358959e6b73e6e73412c5ad7fe9b8de2fa7d7\nc_ahbl_arbiter...
Warning: Drivers conflicting with a constant 1'0 driver:
    port Q[2] of cell $procdff$70291 ($dff)
    port Q[3] of cell $procdff$70291 ($dff)
    port Q[4] of cell $procdff$70291 ($dff)
    port Q[5] of cell $procdff$70291 ($dff)
    port Q[6] of cell $procdff$70291 ($dff)
    port Q[7] of cell $procdff$70291 ($dff)
    port Q[8] of cell $procdff$70291 ($dff)
    port Q[9] of cell $procdff$70291 ($dff)
    port Q[10] of cell $procdff$70291 ($dff)
    port Q[11] of cell $procdff$70291 ($dff)
    port Q[12] of cell $procdff$70291 ($dff)
    port Q[13] of cell $procdff$70291 ($dff)
    port Q[14] of cell $procdff$70291 ($dff)
    port Q[15] of cell $procdff$70291 ($dff)
    port Q[16] of cell $procdff$70291 ($dff)
    port Q[17] of cell $procdff$70291 ($dff)
    port Q[18] of cell $procdff$70291 ($dff)
    port Q[19] of cell $procdff$70291 ($dff)
    port Q[20] of cell $procdff$70291 ($dff)
    port Q[21] of cell $procdff$70291 ($dff)
    port Q[22] of cell $procdff$70291 ($dff)
    port Q[23] of cell $procdff$70291 ($dff)
    port Q[24] of cell $procdff$70291 ($dff)
    port Q[25] of cell $procdff$70291 ($dff)
    port Q[26] of cell $procdff$70291 ($dff)
    port Q[27] of cell $procdff$70291 ($dff)
    port Q[28] of cell $procdff$70291 ($dff)
    port Q[29] of cell $procdff$70291 ($dff)
    port Q[30] of cell $procdff$70291 ($dff)
    port Q[31] of cell $procdff$70291 ($dff)
Warning: Drivers conflicting with a constant 1'1 driver:
    port Q[0] of cell $procdff$70291 ($dff)
    port Q[1] of cell $procdff$70291 ($dff)
Checking module $paramod$5ec8d5127766d5163a42631eb19bb370bcf99823\nc_onehot_mux...
Checking module $paramod$fe2663d701eb4f026cbe3397aff61b50abcce36b\nc_cache_ro...
Checking module $paramod$fe2663d701eb4f026cbe3397aff61b50abcce36b\nc_xip_core...
Checking module $paramod$4346194ad6866d490969face8a06ee13ef74d606\aes_encipher_block...
Checking module $paramod\aes_decipher_block\SBOX_IMPL=t24'010100100100111101001101...
Checking module aes_key_mem...
Checking module $paramod$c9228a4aa15ad571be182f5afb6af78a08292e95\aes_sbox...
Checking module $paramod\nc_crc_input_proc\HAS_REV_IN=s32'00000000000000000000000000000001...
Checking module $paramod$1235a95e0f8d1008651b7f458642ce12ffee301e\nc_crc_output_proc...
Checking module opendap_swdio_flops...
Checking module opendap_swd_dormant_monitor...
Checking module $paramod\nc_ticker\W=s32'00000000000000000000000000001000...
Checking module opendap_sw_dp_serial_comms...
Checking module $paramod$3896ead6ff930e9ceaf3e4e19c3d35c350d43417\opendap_apb_async_bridge...
Checking module $paramod$411b6a7ad44be3067affca362821b44680d6fe87\hazard3_core...
Checking module $paramod$197e0b0b088b531fd04670eebbf7ecb421eca3a3\nc_ahbl_crossbar...
Checking module $paramod$f4416d202081729f72faf05749b9750c1b29f824\nc_ahbl_to_apb...
Checking module $paramod$9b7957e5607df5400f9cea7b944702c83d8aff03\nc_apb_splitter...
Checking module $paramod$fe2663d701eb4f026cbe3397aff61b50abcce36b\nc_xip_ahbl...
Checking module nc_qspi_bb_ahbl...
Checking module rtc_bcd_core...
Checking module $paramod$31ee31489841097d9c2d5138e69bfaec2d902378\aes_core...
Checking module $paramod$636bde6915d83b23bb69ec5a217a85c79740dde2\nc_crc_apb...
Checking module $paramod\nc_crc_ctrl\MAX_WIDTH=s32'00000000000000000000000000100000...
Checking module $paramod$3997a082288121b4f10d24d91da81ca8df76189e\nc_crc_core...
Checking module $paramod\nc_crc_dma\HAS_DMA=s32'00000000000000000000000000000001...
Checking module $paramod$5c0813c62c1fa17b5bb8a5090b7cf7d9dde97beb\nc_fifo...
Checking module dmac_apb_slave...
Checking module dmac_register_file...
Warning: multiple conflicting drivers for dmac_register_file.\i [31]:
    port Q[31] of cell $procdff$72113 ($adff)
    port Q[31] of cell $procdff$72073 ($adff)
    port Q[31] of cell $procdff$72033 ($dff)
Warning: multiple conflicting drivers for dmac_register_file.\i [30]:
    port Q[30] of cell $procdff$72113 ($adff)
    port Q[30] of cell $procdff$72073 ($adff)
    port Q[30] of cell $procdff$72033 ($dff)
Warning: multiple conflicting drivers for dmac_register_file.\i [29]:
    port Q[29] of cell $procdff$72113 ($adff)
    port Q[29] of cell $procdff$72073 ($adff)
    port Q[29] of cell $procdff$72033 ($dff)
Warning: multiple conflicting drivers for dmac_register_file.\i [28]:
    port Q[28] of cell $procdff$72113 ($adff)
    port Q[28] of cell $procdff$72073 ($adff)
    port Q[28] of cell $procdff$72033 ($dff)
Warning: multiple conflicting drivers for dmac_register_file.\i [27]:
    port Q[27] of cell $procdff$72113 ($adff)
    port Q[27] of cell $procdff$72073 ($adff)
    port Q[27] of cell $procdff$72033 ($dff)
Warning: multiple conflicting drivers for dmac_register_file.\i [26]:
    port Q[26] of cell $procdff$72113 ($adff)
    port Q[26] of cell $procdff$72073 ($adff)
    port Q[26] of cell $procdff$72033 ($dff)
Warning: multiple conflicting drivers for dmac_register_file.\i [25]:
    port Q[25] of cell $procdff$72113 ($adff)
    port Q[25] of cell $procdff$72073 ($adff)
    port Q[25] of cell $procdff$72033 ($dff)
Warning: multiple conflicting drivers for dmac_register_file.\i [24]:
    port Q[24] of cell $procdff$72113 ($adff)
    port Q[24] of cell $procdff$72073 ($adff)
    port Q[24] of cell $procdff$72033 ($dff)
Warning: multiple conflicting drivers for dmac_register_file.\i [23]:
    port Q[23] of cell $procdff$72113 ($adff)
    port Q[23] of cell $procdff$72073 ($adff)
    port Q[23] of cell $procdff$72033 ($dff)
Warning: multiple conflicting drivers for dmac_register_file.\i [22]:
    port Q[22] of cell $procdff$72113 ($adff)
    port Q[22] of cell $procdff$72073 ($adff)
    port Q[22] of cell $procdff$72033 ($dff)
Warning: multiple conflicting drivers for dmac_register_file.\i [21]:
    port Q[21] of cell $procdff$72113 ($adff)
    port Q[21] of cell $procdff$72073 ($adff)
    port Q[21] of cell $procdff$72033 ($dff)
Warning: multiple conflicting drivers for dmac_register_file.\i [20]:
    port Q[20] of cell $procdff$72113 ($adff)
    port Q[20] of cell $procdff$72073 ($adff)
    port Q[20] of cell $procdff$72033 ($dff)
Warning: multiple conflicting drivers for dmac_register_file.\i [19]:
    port Q[19] of cell $procdff$72113 ($adff)
    port Q[19] of cell $procdff$72073 ($adff)
    port Q[19] of cell $procdff$72033 ($dff)
Warning: multiple conflicting drivers for dmac_register_file.\i [18]:
    port Q[18] of cell $procdff$72113 ($adff)
    port Q[18] of cell $procdff$72073 ($adff)
    port Q[18] of cell $procdff$72033 ($dff)
Warning: multiple conflicting drivers for dmac_register_file.\i [17]:
    port Q[17] of cell $procdff$72113 ($adff)
    port Q[17] of cell $procdff$72073 ($adff)
    port Q[17] of cell $procdff$72033 ($dff)
Warning: multiple conflicting drivers for dmac_register_file.\i [16]:
    port Q[16] of cell $procdff$72113 ($adff)
    port Q[16] of cell $procdff$72073 ($adff)
    port Q[16] of cell $procdff$72033 ($dff)
Warning: multiple conflicting drivers for dmac_register_file.\i [15]:
    port Q[15] of cell $procdff$72113 ($adff)
    port Q[15] of cell $procdff$72073 ($adff)
    port Q[15] of cell $procdff$72033 ($dff)
Warning: multiple conflicting drivers for dmac_register_file.\i [14]:
    port Q[14] of cell $procdff$72113 ($adff)
    port Q[14] of cell $procdff$72073 ($adff)
    port Q[14] of cell $procdff$72033 ($dff)
Warning: multiple conflicting drivers for dmac_register_file.\i [13]:
    port Q[13] of cell $procdff$72113 ($adff)
    port Q[13] of cell $procdff$72073 ($adff)
    port Q[13] of cell $procdff$72033 ($dff)
Warning: multiple conflicting drivers for dmac_register_file.\i [12]:
    port Q[12] of cell $procdff$72113 ($adff)
    port Q[12] of cell $procdff$72073 ($adff)
    port Q[12] of cell $procdff$72033 ($dff)
Warning: multiple conflicting drivers for dmac_register_file.\i [11]:
    port Q[11] of cell $procdff$72113 ($adff)
    port Q[11] of cell $procdff$72073 ($adff)
    port Q[11] of cell $procdff$72033 ($dff)
Warning: multiple conflicting drivers for dmac_register_file.\i [10]:
    port Q[10] of cell $procdff$72113 ($adff)
    port Q[10] of cell $procdff$72073 ($adff)
    port Q[10] of cell $procdff$72033 ($dff)
Warning: multiple conflicting drivers for dmac_register_file.\i [9]:
    port Q[9] of cell $procdff$72113 ($adff)
    port Q[9] of cell $procdff$72073 ($adff)
    port Q[9] of cell $procdff$72033 ($dff)
Warning: multiple conflicting drivers for dmac_register_file.\i [8]:
    port Q[8] of cell $procdff$72113 ($adff)
    port Q[8] of cell $procdff$72073 ($adff)
    port Q[8] of cell $procdff$72033 ($dff)
Warning: multiple conflicting drivers for dmac_register_file.\i [7]:
    port Q[7] of cell $procdff$72113 ($adff)
    port Q[7] of cell $procdff$72073 ($adff)
    port Q[7] of cell $procdff$72033 ($dff)
Warning: multiple conflicting drivers for dmac_register_file.\i [6]:
    port Q[6] of cell $procdff$72113 ($adff)
    port Q[6] of cell $procdff$72073 ($adff)
    port Q[6] of cell $procdff$72033 ($dff)
Warning: multiple conflicting drivers for dmac_register_file.\i [5]:
    port Q[5] of cell $procdff$72113 ($adff)
    port Q[5] of cell $procdff$72073 ($adff)
    port Q[5] of cell $procdff$72033 ($dff)
Warning: multiple conflicting drivers for dmac_register_file.\i [4]:
    port Q[4] of cell $procdff$72113 ($adff)
    port Q[4] of cell $procdff$72073 ($adff)
    port Q[4] of cell $procdff$72033 ($dff)
Warning: multiple conflicting drivers for dmac_register_file.\i [3]:
    port Q[3] of cell $procdff$72113 ($adff)
    port Q[3] of cell $procdff$72073 ($adff)
    port Q[3] of cell $procdff$72033 ($dff)
Warning: multiple conflicting drivers for dmac_register_file.\i [2]:
    port Q[2] of cell $procdff$72113 ($adff)
    port Q[2] of cell $procdff$72073 ($adff)
    port Q[2] of cell $procdff$72033 ($dff)
Warning: multiple conflicting drivers for dmac_register_file.\i [1]:
    port Q[1] of cell $procdff$72113 ($adff)
    port Q[1] of cell $procdff$72073 ($adff)
    port Q[1] of cell $procdff$72033 ($dff)
Warning: multiple conflicting drivers for dmac_register_file.\i [0]:
    port Q[0] of cell $procdff$72113 ($adff)
    port Q[0] of cell $procdff$72073 ($adff)
    port Q[0] of cell $procdff$72033 ($dff)
Checking module dmac_dmamux...
Checking module dmac_arbiter...
Checking module dmac_ahb_master...
Checking module dmac_channel...
Checking module nc_i2c_master...
Checking module nc_spi_apb_if...
Checking module $paramod$0b479242d3f6f9464a229416880e4ba05e0c9809\nc_fifo...
Checking module nc_spi_clk_gen...
Checking module nc_spi_ctrl_fsm...
Checking module nc_spi_shift_reg...
Checking module nc_spi_cs_ctrl...
Checking module nc_spi_irq_dma...
Checking module $paramod$35fd2251be7b04b97383c73c619c568cec4a51ab\nc_fifo...
Checking module $paramod$a1520ee953db7ea0cd3bdd3a60601f9ec64387ff\nc_fifo...
Checking module $paramod\nc_sync\NUM_STAGES=s32'00000000000000000000000000000010...
Checking module $paramod\nc_ticker\W=s32'00000000000000000000000000010000...
Checking module $paramod$4b0c3fca237cee07f386c7bfd9d290d1076f1976\opendap_sw_dp...
Checking module $paramod$a54c1fa0345d79a7ff57c9da41d1070c9ab69178\opendap_mem_ap_apb...
Warning: Wire $paramod$a54c1fa0345d79a7ff57c9da41d1070c9ab69178\opendap_mem_ap_apb.\csw_tr_in_prog is used but has no driver.
Checking module $paramod$253497c219ceca3a058c4b09c524dfef7e03c0d3\hazard3_dm...
Checking module hazard3_reset_sync...
Checking module $paramod$5024709456e582c949f4f50955bbafb5d2d8c673\hazard3_cpu_2port...
Checking module $paramod$e6678a80576fbad693b0c56e7095bee67c13fe87\nc_mcu_fabric...
Checking module $paramod$254d2a2f019dff23fe7dd94a1d9c7a13b9a4057b\nc_xip...
Checking module $paramod\nc_ahb_to_sram\g_AW=s32'00000000000000000000000000010001...
Checking module $paramod$ec39719c34de998a5b06b92b32d52a716c2a439e\nc_gpio...
Checking module nc_uart...
Checking module nc_spi...
Checking module nc_i2c...
Checking module nc_tmr...
Checking module nc_pwm...
Checking module nc_dmac...
Checking module nc_crc...
Found and reported 37 problems.
